// Vitest Snapshot v1, https://vitest.dev/guide/snapshot.html

exports[`FavoritesPage tests > should match the snapshot 1`] = `<DocumentFragment />`;
