// Vitest Snapshot v1, https://vitest.dev/guide/snapshot.html

exports[`FavoriteGrid > should match the snapshot 1`] = `<DocumentFragment />`;
